[www.santus.fireart.pro/index.html]
[unpkg.com/alpinejs@3.15.0/dist/cdn.min.js]
[unpkg.com/heroicons@2.0.16/24/outline/index.2.delayed]
[cdnjs.cloudflare.com/ajax/libs/font-awesome/6.4.0/css/all.min.css]
[www.santus.fireart.pro/storage/app/public/photos/AO9pLkcxF90TvBaf1qgaze4YwHecEuVjnKqk8MxX.png]
[backblue.gif]
[fade.gif]
[index.html]
[www.santus.fireart.pro/storage/app/public/photos/BaVxSumYJuZn3ueBiAJnPZQrOYGrcvhGxS6v84Uw.png]
[www.santus.fireart.pro/about.html]
[www.santus.fireart.pro/services.html]
[www.santus.fireart.pro/diplomatic.html]
[www.santus.fireart.pro/track-order.html]
[www.santus.fireart.pro/contact.html]
[www.santus.fireart.pro/temp/custom/images/slider/airplane_takeoff.mp4]
[www.santus.fireart.pro/temp/custom/images/slider/trucks.jpg]
[www.santus.fireart.pro/temp/custom/images/slider/home-main.jpg]
[www.santus.fireart.pro/temp/custom/images/slider/slide3.jpg]
[www.santus.fireart.pro/temp/custom/images/services/service1.jpg]
[www.santus.fireart.pro/temp/custom/images/services/service2.jpg]
[www.santus.fireart.pro/temp/custom/images/services/service3.jpg]
[www.santus.fireart.pro/temp/custom/images/services/service4.jpg]
[www.santus.fireart.pro/temp/custom/images/services/service5.jpg]
[www.santus.fireart.pro/temp/custom/images/services/service6.jpg]
[www.santus.fireart.pro/temp/custom/images/content/partner-01.png]
[www.santus.fireart.pro/temp/custom/images/content/partner-02.png]
[www.santus.fireart.pro/temp/custom/images/content/partner-03.png]
[www.santus.fireart.pro/temp/custom/images/content/partner-04.png]
[www.santus.fireart.pro/temp/custom/images/content/partner-05.png]
[www.santus.fireart.pro/dash/js/jquery-3.6.0.min.js]
[cdn.jsdelivr.net/npm/alpinejs@3.12.0/dist/cdn.min.js]
[www.santus.fireart.pro/index.html]
[unpkg.com/heroicons@2.0.16/24/outline/index.js]
[cdnjs.cloudflare.com/ajax/libs/font-awesome/6.4.0/css/all.min.css]
[cdn.gtranslate.net/widgets/latest/float.js]
[www.santus.fireart.pro/temp/custom/images/about-page-bg.jpg]
[www.santus.fireart.pro/temp/custom/images/slider/company-slide-1.jpg]
[www.santus.fireart.pro/temp/custom/images/slider/company-slide-2.jpg]
[www.santus.fireart.pro/temp/custom/images/slider/company-slide-3.jpg]
[www.santus.fireart.pro/temp/custom/images/about_our_mission.jpg]
[www.santus.fireart.pro/temp/custom/images/about_our_vision.jpg]
[www.santus.fireart.pro/temp/custom/images/about_core_values.jpg]
[www.santus.fireart.pro/about.html]
[www.santus.fireart.pro/temp/custom/images/services/service-right-1.jpg]
[www.santus.fireart.pro/services.html]
[www.santus.fireart.pro/temp/custom/images/diplomatic-bag-compressor.jpg]
[www.santus.fireart.pro/diplomatic.html]
[www.santus.fireart.pro/temp/custom/images/tracking.jpg]
[www.santus.fireart.pro/temp/custom/images/customer-service.svg]
[www.santus.fireart.pro/track-order.html]
[www.santus.fireart.pro/contact.html]
[www.santus.fireart.pro/dash/js/jquery-3.6.0.min.html]
[www.santus.fireart.pro/temp/custom/images/customer-service.html]
